[backblue.gif]
[fade.gif]
[index.html]
[cdn.baykarmagaza.com/media/uploads/2024/01/15/vruDUNOsqH2fRBLkopqojjoIgw3gA7Uv.png]
[cdnjs.cloudflare.com/ajax/libs/Swiper/10.2.0/swiper-bundle.css]
[cdnjs.cloudflare.com/ajax/libs/font-awesome/6.4.2/css/all.min.css]
[cdnjs.cloudflare.com/ajax/libs/sweetalert2/11.7.27/sweetalert2.min.css]
[cdn.baykarmagaza.com/staticv2/css/normalize.css]
[cdn.baykarmagaza.com/staticv2/css/b-store-final-2.css]
[cdn.baykarmagaza.com/staticv2/smart-selects/admin/js/bindfields.js]
[cdn.baykarmagaza.com/staticv2/smart-selects/admin/js/chainedfk.js]
[cdn.baykarmagaza.com/media/uploads/2023/12/15/d0ZBwRmB9xtAMu22jO8omPQ8147zW3eo.png]
[cdn.baykarmagaza.com/media/uploads/2023/12/15/npU7AdSzE5TMpYhF3pHTRDqrCNde7nOt.png]
[cdn.baykarmagaza.com/media/images/contents/Baykar_magaza_Logo.png]
[cdn.baykarmagaza.com/media/uploads/2024/01/04/Q4ZqeaVlc83WL6C9M2aLc3LhktXXwsoL.png]
[cdn.baykarmagaza.com/media/uploads/2024/01/02/BVFM1USWpfS0gTvEPiBNiVz65dh0Afhw.png]
[cdn.baykarmagaza.com/media/uploads/2023/12/09/suaax8x0POEsXjF2eX7jZRMA8BvXUW6Y.png]
[cdn.baykarmagaza.com/media/uploads/2024/05/04/wJSWIqtVI9pY8ZO1GD9fmmbJpnlpCNWK.jpg]
[cdn.baykarmagaza.com/media/upload/userFormUpload/RmzpOYU46kzKXb9pqjxSegD9F55RALew.jpg]
[cdn.baykarmagaza.com/media/upload/userFormUpload/Dsny5Vxu2liGqzxcJs2sXxIzJdlg50Ay.jpg]
[cdn.baykarmagaza.com/media/upload/userFormUpload/2oeo99GDwZ3cPOPUY2DoZfIq2XLil17w.jpg]
[cdn.baykarmagaza.com/media/upload/userFormUpload/6EflTGWjY3CzEL45hyVYMdC4cMqu03An.jpg]
[cdn.baykarmagaza.com/media/upload/userFormUpload/4w8ghapTfNliVbqTgG8pTu6ZFn4nQyXi.jpg]
[cdn.baykarmagaza.com/media/uploads/2024/06/20/zydAdNJ2KJn9IZC22RVCcRRAZk17IsVX.jpg]
[cdn.baykarmagaza.com/media/uploads/2024/06/20/sxbECsanMt0p8Ac0YyXIWcZtv004gFQL.jpg]
[cdn.baykarmagaza.com/media/upload/userFormUpload/WFzbSgxOLRHELFmQmkbucspTwHQMC8hM.jpg]
[cdn.baykarmagaza.com/media/upload/userFormUpload/afGoNvgzDxu0eKfN3eYnAx6RJsbf61ka.jpg]
[cdn.baykarmagaza.com/media/uploads/2023/12/09/1XNxWXVHOyL5HiZPL39zUnbbuF2btS0z.png]
[cdn.baykarmagaza.com/media/uploads/2023/12/09/bd3uzwMcygECpcRoiA06ceVBScFL1AVs.png]
[cdn.baykarmagaza.com/media/uploads/2023/12/09/bO310cg5cEd3fKBL1dNniy1qeifSY5Ts.png]
[cdn.baykarmagaza.com/media/uploads/2024/01/02/ocBNGDHyQMiS231wAeAQLdNOk0iN3EQq.png]
[cdn.baykarmagaza.com/media/uploads/2023/12/09/8JM0lLfcARP6qOVstFn5PXPqvzmjxsNq.png]
[cdn.baykarmagaza.com/media/uploads/2023/12/13/VcobDFphDMKts7wbhn6iik4yYB3ac2vU.png]
[cdn.baykarmagaza.com/media/images/contents/Mavi-TR.png]
[code.jquery.com/jquery-3.7.1.min.js]
[cdn.jsdelivr.net/npm/inputmask@5.0.9-beta.36/dist/jquery.inputmask.min.js]
[cdn.jsdelivr.net/npm/alpinejs@3.13.2/dist/cdn.min.js]
[cdnjs.cloudflare.com/ajax/libs/sweetalert2/11.7.27/sweetalert2.min.js]
[cdnjs.cloudflare.com/ajax/libs/Swiper/10.2.0/swiper-bundle.min.js]
[cdn.baykarmagaza.com/staticv2/js/base.js]
[cdn.baykarmagaza.com/staticv2/js/account.js]
[baykarmagaza.com/tr/index.html]
[cdnjs.cloudflare.com/ajax/libs/Swiper/10.2.0/swiper-bundle.css]
[cdnjs.cloudflare.com/ajax/libs/font-awesome/6.4.2/css/all.min.css]
[cdnjs.cloudflare.com/ajax/libs/sweetalert2/11.7.27/sweetalert2.min.css]
[cdn.baykarmagaza.com/staticv2/css/normalize.css]
[cdn.baykarmagaza.com/staticv2/js/main.js]
[cdn.baykarmagaza.com/staticv2/img/bottomimg.jpg]
[cdn.baykarmagaza.com/staticv2/css/b-store-final-2.css]
[cdn.baykarmagaza.com/media/uploads/2023/12/11/dD1CFlk3syTPN6s8V1IqycDV5fRW980Y.png]
[cdn.baykarmagaza.com/media/uploads/2023/12/09/yWkaalhiBOWNtaYF10G0r8JMnP2mY5bq.png]
[cdn.baykarmagaza.com/media/upload/userFormUpload/EqoLgWz89VWap9vb3itoouFPn2tr6Qm2.jpg]
[cdn.baykarmagaza.com/media/upload/userFormUpload/1b2f40VuBqYKQM0Vyd5Il16PCyeWbAC3.jpg]
[cdn.baykarmagaza.com/media/upload/userFormUpload/CUciIR9i4O2Dw4TAaC1bCmo8gwJWGbZI.jpg]
[cdn.baykarmagaza.com/media/upload/userFormUpload/XK43PB5Hp7Zl5IkXm3hmssMBmxM4FfWs.jpg]
[cdn.baykarmagaza.com/media/upload/userFormUpload/OLmlpjHyVkdWU6VCdZOCgQMhQwvxzUtR.jpg]
[cdn.baykarmagaza.com/media/upload/userFormUpload/PDDM5SSSH0MkmmiHOBoeSDTM5h4K00yN.jpg]
[cdn.baykarmagaza.com/media/upload/userFormUpload/7uepUoaDaJYBpJxlkSXxv18fTWDjkM1K.jpg]
[cdn.baykarmagaza.com/media/upload/userFormUpload/waWCObj66azbtxtMmAqeWz6i6FNSu6fp.jpg]
[cdn.baykarmagaza.com/media/upload/userFormUpload/AjsRff1DJilM1Z2J8A38muxNRgRV6Awc.jpg]
[cdn.baykarmagaza.com/media/upload/userFormUpload/l00R8WuhjB9jjMIMPRCEHttuUCrUbEKk.jpg]
[cdn.baykarmagaza.com/media/upload/userFormUpload/rJmMGDndoQTWrwJyOYF8Qr158SQFQGl4.jpg]
[cdn.baykarmagaza.com/media/upload/userFormUpload/tCFjSOzxO6xxHnPkY0cynmPuOjC2rjzL.jpg]
[cdn.baykarmagaza.com/media/upload/userFormUpload/M7VGg5CY3HZo3qBc5CbIODwTQdCOinjf.jpg]
[cdn.baykarmagaza.com/media/upload/userFormUpload/b8Ijv9wR3QvGEDHQiVP4lu4GADQjGx2Q.jpg]
[cdn.baykarmagaza.com/media/upload/userFormUpload/fWHkwwKOlm9O95Pm1XyyFUdQC5PHoWfi.jpg]
[cdn.baykarmagaza.com/media/upload/userFormUpload/jRi4cCHnVh4G5nAng84g1vcpS58fDmBX.jpg]
[cdn.baykarmagaza.com/media/upload/userFormUpload/dZIrqykbsiRI5mxWyt19gi6wC5n6rgrB.jpg]
[cdn.baykarmagaza.com/media/upload/userFormUpload/0X70bFD5kWLt25q2m2cnRIIX9OQRj6jk.jpg]
[cdn.baykarmagaza.com/media/upload/userFormUpload/DAzX6l5d44Jk0f14clyCtnitTR0Xwtb4.jpg]
[cdn.baykarmagaza.com/media/upload/userFormUpload/6BGM5SCPUiYtUJvSbOzSJdw0i90CHw5r.jpg]
[cdn.baykarmagaza.com/staticv2/js/product_list.js]
[baykarmagaza.com/tr/product/product-list/indexd94b.html]
[cdn.baykarmagaza.com/media/upload/userFormUpload/0yNn5dKbfHoOPsaHCas3TETlwiKQXaLF.jpg]
[cdn.baykarmagaza.com/media/upload/userFormUpload/7hfoJgCwei51yVIeEJ9fmNmD4yOL1Y5K.jpg]
[cdn.baykarmagaza.com/media/upload/userFormUpload/EwL2FouRk14lo484XJdVUHoHI0C7Kluh.jpg]
[cdn.baykarmagaza.com/media/upload/userFormUpload/pY2rBDgZaS7TDBeqJeQPWoPVMJJZbN95.jpg]
[cdn.baykarmagaza.com/media/upload/userFormUpload/BfNYm9S7JU4w11UHMKEW8AMEboc1jaju.jpg]
[baykarmagaza.com/tr/product/product-list/index3412.html]
[cdn.baykarmagaza.com/media/upload/userFormUpload/yV2p2eeJOeu9kEVzMuFFVevm4TUCdnCO.jpg]
[cdn.baykarmagaza.com/media/upload/userFormUpload/KloPsb3omkflI0bRvmN3zcDheQBx8N5k.jpg]
[cdn.baykarmagaza.com/media/upload/userFormUpload/qJMXQhG6o69uy9O5FapfzwsGeDMzzjAk.jpg]
[cdn.baykarmagaza.com/media/upload/userFormUpload/Ig82fegeAtf1OqhA4h1ka3R6mmgzUyfL.jpg]
[cdn.baykarmagaza.com/media/upload/userFormUpload/U7fvlNRaUFC7lLSfScl5ePwVgeuZIiPw.jpg]
[cdn.baykarmagaza.com/media/upload/userFormUpload/IkOxT8olzc7iytBQTvFwks9WPizRnTr0.jpg]
[cdn.baykarmagaza.com/media/upload/userFormUpload/zuKczeBN8MbRarGIsyhLJ374Meda4s8u.jpg]
[cdn.baykarmagaza.com/media/upload/userFormUpload/Osi52NymvlF2PsGc5EXuuXlCxaQezL7d.jpg]
[cdn.baykarmagaza.com/media/upload/userFormUpload/jGWChi2gS7HZm0U9AW2SpGg9EDsWltB6.jpg]
[baykarmagaza.com/tr/product/product-list/index40d7.html]
[cdn.baykarmagaza.com/media/upload/userFormUpload/rsKnCTwk9MJdXnSiGPe4ocP0ykWxlMkB.jpg]
[cdn.baykarmagaza.com/media/upload/userFormUpload/JnmoEYrX2qQJe5V38AVPnElVzcHqMCRB.jpg]
[cdn.baykarmagaza.com/media/uploads/2024/05/16/229QJsVgYwDRKuL52GSsmyY689j4uHHS.jpg]
[cdn.baykarmagaza.com/media/uploads/2024/06/20/P8GVJ8TpD5ElUDZIBQJGezuqxmmKfhSy.jpg]
[cdn.baykarmagaza.com/media/uploads/2024/06/20/fMtMleqehHR6tRTPm7TVfqniFdagqXdX.jpg]
[cdn.baykarmagaza.com/media/uploads/2024/06/20/WqP4Kc5aU8bqnscqefa1c86vr2WV28KA.jpg]
[cdn.baykarmagaza.com/media/uploads/2024/06/20/MUWPEDrdeol5PAHOzN40GEM7XM3wSPt3.jpg]
[cdn.baykarmagaza.com/media/uploads/2024/05/16/JIddyiYyfQ46q2w3N3rRHlsQFuBhKmBk.jpg]
[cdn.baykarmagaza.com/media/uploads/2024/05/16/BKDKidMD1CjkE8Vkn7YwQtVLRwiaPScj.jpg]
[cdn.baykarmagaza.com/media/uploads/2024/05/16/b5KFfXBtzPFrLwokwh44zxu9GTeCQxqN.jpg]
[cdn.baykarmagaza.com/media/uploads/2024/05/16/ehT7oVpLhZHOf4zldV5epXs1sPKBcS1p.jpg]
[cdn.baykarmagaza.com/media/uploads/2024/05/16/7DKMbJZZoH7XFJcwotyAqfsGBNjmyQz7.jpg]
[cdn.baykarmagaza.com/media/uploads/2024/05/16/FCZd069lBdBl4Ex2JraCdYtj0ZTWkl1z.jpg]
[cdn.baykarmagaza.com/media/uploads/2024/05/16/wxNoluFwUsrxStA5IAOb7XCSk4IPu2wx.jpg]
[cdn.baykarmagaza.com/media/uploads/2024/06/20/FElDSs7EBD24ar3hl4Mtu2kz74PzxnLc.jpg]
[cdn.baykarmagaza.com/media/uploads/2024/06/20/0L4HDj0U95yDuBb2PCdZzrMvBqa6xnSi.jpg]
[cdn.baykarmagaza.com/media/upload/userFormUpload/grdRE8setwjd6EU3mL9d6WwbBX3PSeox.jpg]
[cdn.baykarmagaza.com/media/upload/userFormUpload/mIZcZYs9RPCOd9R11ZOtCb7DXPB3SvsE.jpg]
[cdn.baykarmagaza.com/media/upload/userFormUpload/FKrsx3BCrRyhlNAKhQVr4HYRybp5PnHH.jpg]
[cdn.baykarmagaza.com/media/upload/userFormUpload/Rj6LKdpe1GJrlwXnrPOTKNewbfr09T7J.jpg]
[cdn.baykarmagaza.com/media/upload/userFormUpload/YZ0xEhhBhgxENKF9ln0XNsWSL7DIslw9.jpg]
[cdn.baykarmagaza.com/media/upload/userFormUpload/Fzbz6QF9sZpF8Hw3vFjp2lUvIDZdxHM1.jpg]
[cdn.baykarmagaza.com/media/upload/userFormUpload/ARqSnSHflpWN6rMrs1VPzHXvZSxM2B3l.jpg]
[cdn.baykarmagaza.com/media/upload/userFormUpload/jIRK25FLcje6iswzqVdYYlj528LvgAyW.jpg]
[cdn.baykarmagaza.com/media/upload/userFormUpload/I9bI4DmCvXOXVHTDiLQ21ZTx7DV0shXj.jpg]
[cdn.baykarmagaza.com/media/upload/userFormUpload/zNQZk09adrTfsOzA2Fp5Wc6vbCCGgYns.jpg]
[cdn.baykarmagaza.com/media/upload/userFormUpload/pjNbsXX2UpYtztzCQzNRwKb1Q78wRqQu.jpg]
[cdn.baykarmagaza.com/media/upload/userFormUpload/zF4HOp87S8pg0DLmEhNOoNBRN7tkuONO.jpg]
[cdn.baykarmagaza.com/media/upload/userFormUpload/lPtJOzAdsgyweiRxfYrbsdkrXmYLHfPV.jpg]
[cdn.baykarmagaza.com/media/upload/userFormUpload/UWA0E2xdMKtUdysiiZC38MUf9hZXWKy6.jpg]
[cdn.baykarmagaza.com/media/upload/userFormUpload/DLb9rY1f7d5tNOgQQJ0wRmWLjO3Ewg77.jpg]
[cdn.baykarmagaza.com/media/upload/userFormUpload/tIVJmRzX0R3MXrB3lXDZ85LC127s9vUE.jpg]
[cdn.baykarmagaza.com/media/upload/userFormUpload/B5B0vzNWKFpkVOE3IIyORD0hOuqBnENx.jpg]
[cdn.baykarmagaza.com/media/upload/userFormUpload/A0U1AeC7ZBdd8dKAg5ebPnBWEEuODPXN.jpg]
[cdn.baykarmagaza.com/media/upload/userFormUpload/VewXBVHlCBD3t0sOwZa20s3NsRmiphcF.jpg]
[cdn.baykarmagaza.com/media/upload/userFormUpload/RBMqOoawrvhLpRf1o2YKMzxbqk5bIlbN.jpg]
[cdn.baykarmagaza.com/media/upload/userFormUpload/qgXVQqbxesrKERQWpFx1YzTxbltV2g4v.jpg]
[cdn.baykarmagaza.com/media/upload/userFormUpload/x0gttfBcxHRfGnONSRYfaMW504o28mno.jpg]
[cdn.baykarmagaza.com/media/upload/userFormUpload/IfFOY3qaE0i0LOfZMtSMz1Rpsrnu9Dvo.jpg]
[cdn.baykarmagaza.com/media/upload/userFormUpload/54ZoDC5P8NxStTPNH26MfOuFmE4Kpw1j.jpg]
[cdn.baykarmagaza.com/media/upload/userFormUpload/Lzx27tHaxOrN4Jp6lLxomfkGirg1GWcI.jpg]
[cdn.baykarmagaza.com/media/upload/userFormUpload/HrPwGiAoCpqOKbrDew1BVdERw1iGB00R.jpg]
[cdn.baykarmagaza.com/media/upload/userFormUpload/k5dm3KgOnP6Gfzjd7QsVQgUmU2wdmW1h.jpg]
[cdn.baykarmagaza.com/media/upload/userFormUpload/7UbM8h6d7qJfvbi35iJ8FTV6NBF2y7Ze.jpg]
[cdn.baykarmagaza.com/media/upload/userFormUpload/DW7E8ob5qknnFh2IU9cprxxiWBHpaykk.jpg]
[cdn.baykarmagaza.com/media/upload/userFormUpload/ZtUmgu3BonuoJSOuVuVWEdipgdbdIg1Q.jpg]
[cdn.baykarmagaza.com/media/upload/userFormUpload/hNjIRhQEzi43MhjzNm4DnWdXq9Ov4xCD.jpg]
[cdn.baykarmagaza.com/media/upload/userFormUpload/oJ09aibYeAbPXhTEqT8VSAUeOoYS6siK.jpg]
[cdn.baykarmagaza.com/media/upload/userFormUpload/pUZ6166uhdAkB6afUwV3KlkNm2QoqmCo.jpg]
[cdn.baykarmagaza.com/media/upload/userFormUpload/gzQHoZ9iqzXHyon0svMpgQgVEEFnPMZy.jpg]
[cdn.baykarmagaza.com/media/upload/userFormUpload/gyVEsF5bjrNDxss7fThY7zMBwDFbQigN.jpg]
[cdn.baykarmagaza.com/media/upload/userFormUpload/bGF5xrPPIhmQKP5Asy2ZW4kr2W6a6cfL.jpg]
[baykarmagaza.com/tr/product/product-list/index80ce.html]
[cdn.baykarmagaza.com/staticv2/img/kizilelma-bg.png]
[www.google.com/recaptcha/api.js]
[cdn.jsdelivr.net/npm/alpinejs@2.8.2/dist/alpine.js]
[cdnjs.cloudflare.com/ajax/libs/alpinejs/2.3.0/alpine-ie11.js]
[cdn.baykarmagaza.com/staticv2/js/authentication.js]
[baykarmagaza.com/tr/account/login/index.html]
[baykarmagaza.com/tr/accounts/index.html]
[baykarmagaza.com/tr/product/product-list/index.html]
[baykarmagaza.com/tr/product/product-list/indexf55d.html]
[baykarmagaza.com/tr/product/product-list/index17bc.html]
[baykarmagaza.com/tr/product/product-list/index62c7.html]
[cdn.baykarmagaza.com/media/upload/userFormUpload/uKMzHV42lyxyCFsAeTWSxMa6Hi3Z1Xxs.jpg]
[cdn.baykarmagaza.com/media/upload/userFormUpload/pRcLZfWMe7zHesakTiW5m0jtmUFBNSv4.jpg]
[cdn.baykarmagaza.com/media/upload/userFormUpload/AAFZZ5iL8xN1FHyWoxKBOOAmVV5JcKos.jpg]
[baykarmagaza.com/tr/product/detail/bayraktar-akinci-polo-yaka-tisort.html]
[cdn.baykarmagaza.com/staticv2/js/product_detail.js]
[cdn.baykarmagaza.com/media/upload/userFormUpload/7DMvXFGATvh6cBvTJAma9XMTb6wzQAAH.jpg]
[cdn.baykarmagaza.com/media/upload/userFormUpload/LbVWVwLbVOgTqSj32ZrA6hwAa0r0R4gA.jpg]
[cdn.baykarmagaza.com/media/upload/userFormUpload/0NysItciznFgkLSMApy6YcUTS6kwruhz.jpg]
[cdn.baykarmagaza.com/media/upload/userFormUpload/IwB47Ajha2QC7wJNHHNzjvvmFqDAauON.jpg]
[baykarmagaza.com/tr/product/detail/172-olcek-bayraktar-akinci-maket.html]
[cdn.baykarmagaza.com/media/upload/userFormUpload/AG54ppx5pkpe9Ut95ObDk4rN2vafxInn.jpg]
[cdn.baykarmagaza.com/media/upload/userFormUpload/pyFhjRSvg4VkPiF77GmRV24rPko0xslb.jpg]
[cdn.baykarmagaza.com/media/upload/userFormUpload/wa9COsgSxv9oZqfo7NzMfsh5VBZyWufM.jpg]
[cdn.baykarmagaza.com/media/upload/userFormUpload/1TChZN40aQiOpHfQ52PEbDMCT7laPFlr.jpg]
[baykarmagaza.com/tr/product/detail/148-olcek-bayraktar-tb2-maket.html]
[cdn.baykarmagaza.com/media/upload/userFormUpload/muC5OReGH8ym2lonEdZGT94B9siPVyrs.jpg]
[cdn.baykarmagaza.com/media/upload/userFormUpload/9YXqjB7OUWveH2EeNCEk8X9BThhtdhZu.jpg]
[cdn.baykarmagaza.com/media/upload/userFormUpload/FLcW2wARO8Py3ySdwe57T4Tcyfz4fXId.jpg]
[baykarmagaza.com/tr/product/detail/bayraktar-akinci-siyah-tisort.html]
[baykarmagaza.com/tr/product/detail/bayraktar-akinci-sapka.html]
[baykarmagaza.com/tr/product/detail/bayraktar-kizilelma-sapka.html]
[baykarmagaza.com/tr/product/detail/turkce-krmz-bayraktar-akinci-anahtarlk.html]
[baykarmagaza.com/tr/product/detail/ingilizce-siyah-bayraktar-kizilelma-anahtarlk.html]
[cdn.baykarmagaza.com/media/upload/userFormUpload/bEHARGi8pGAkYenP3YLvK5qoqCtpkq0M.jpg]
[cdn.baykarmagaza.com/media/upload/userFormUpload/PBw5NqN8MxwoupHXe45oriJM3Gpf0bkp.jpg]
[cdn.baykarmagaza.com/media/upload/userFormUpload/8KVHjjRHQYzVWYitYjVJjKxFnNukeHCx.jpg]
[baykarmagaza.com/tr/product/detail/bayraktar-akinci-polo-yaka-cocuk-tisort.html]
[cdn.baykarmagaza.com/media/upload/userFormUpload/AFlN0Mk1PNC23S1P7d6M3bfxexkh2rD1.jpg]
[cdn.baykarmagaza.com/media/upload/userFormUpload/4Nxpk4k2920cZTaTZBJCtVfw0fhV7rNe.jpg]
[cdn.baykarmagaza.com/media/upload/userFormUpload/XJf2oweVsMDGAfwTzTWjIGseJ6x7GN8K.jpg]
[cdn.baykarmagaza.com/media/upload/userFormUpload/FGEI3jAF7xBfyJDtQ4ni6Sdi0CTfxb0M.jpg]
[cdn.baykarmagaza.com/media/upload/userFormUpload/BLn5ZDstsm8I0BGD70JxHQIYrpx1LOqx.jpg]
[baykarmagaza.com/tr/product/detail/132-olcek-bayraktar-akinci-maket.html]
[baykarmagaza.com/tr/product/product-list/indexdf4d.html]
[baykarmagaza.com/tr/product/product-list/index2cf8.html]
[baykarmagaza.com/tr/product/product-list/index52c7.html]
[baykarmagaza.com/tr/faq/index.html]
[baykarmagaza.com/tr/about/index.html]
[baykarmagaza.com/tr/privacy/index.html]
[baykarmagaza.com/tr/legal2/index.html]
[baykarmagaza.com/tr/legal3/index.html]
[cdn.baykarmagaza.com/media/upload/userFormUpload/86WcckDjvL9muNalryWn2EtNmG5gnsba.jpg]
[cdn.baykarmagaza.com/media/upload/userFormUpload/xoFEtkyGNcY9xhNN0IodaMibAHCkTjuv.jpg]
[cdn.baykarmagaza.com/media/upload/userFormUpload/7G8Z2jOb3NhVDiKXcNnPWn6um8wzaTvf.jpg]
[baykarmagaza.com/tr/product/detail/bayraktar-akinci-beyaz-tisort.html]
[cdn.baykarmagaza.com/media/upload/userFormUpload/vDxB3VjsvQUewj9ZcJBCn45fWbTO3cYk.jpg]
[cdn.baykarmagaza.com/media/upload/userFormUpload/d1q7ZRPB4UBjkYbDJtvG6vlXF70lkn7B.jpg]
[cdn.baykarmagaza.com/media/upload/userFormUpload/9mZS8vhDrYmWeP0n4IdvBmW9lJWmgCqT.jpg]
[baykarmagaza.com/tr/product/detail/bayraktar-tb2-beyaz-tisort.html]
[cdn.baykarmagaza.com/media/upload/userFormUpload/iYf3Rc3lR15AmuhN3h5zCypfzM6pXjq4.jpg]
[cdn.baykarmagaza.com/media/upload/userFormUpload/Cfjcn7pC0f98w4Fkb0vszDHrqMK0zfKL.jpg]
[cdn.baykarmagaza.com/media/upload/userFormUpload/Wd9YcLF9JbpG2pAaFW0DiT93sQN7DTZ3.jpg]
[baykarmagaza.com/tr/product/detail/cezeri-ucan-araba-beyaz-tisort.html]
[cdn.baykarmagaza.com/media/upload/userFormUpload/3TD0TPXwY39dmpvpEMqcMiowGZErw8tM.jpg]
[cdn.baykarmagaza.com/media/upload/userFormUpload/SKqGz9wOiv5HJy3Aq88TGmXmIaQoeK74.jpg]
[cdn.baykarmagaza.com/media/upload/userFormUpload/jiReAig5CeTJBozFwuw2lRCyhQ3NvXyN.jpg]
[baykarmagaza.com/tr/product/detail/bayraktar-aknc-beyaz-ekip-tisort.html]
[cdn.baykarmagaza.com/media/upload/userFormUpload/eBnqIPJ78pnOCSfunMPQAFcB4RtwvPgJ.jpg]
[cdn.baykarmagaza.com/media/upload/userFormUpload/4dUTlvMBs5PEX8b9Gzo1WirEGJJkt4VC.jpg]
[cdn.baykarmagaza.com/media/upload/userFormUpload/PTMn6exA6iH7WqjMgetERNEjcfcuUuJJ.jpg]
[baykarmagaza.com/tr/product/detail/bayraktar-kizilelma-koklerden-goklere-siyah-tisort.html]
[cdn.baykarmagaza.com/media/upload/userFormUpload/Oa9yZKlPMUbnewASv4J0scmHH8BYIrq9.jpg]
[cdn.baykarmagaza.com/media/upload/userFormUpload/KPyI6ODfdZ92pkFQVnMTkDo4BgpuvPpU.jpg]
[cdn.baykarmagaza.com/media/upload/userFormUpload/ilgpSPrl2C6pGl8cURQFYL8K5wHP03Am.jpg]
[baykarmagaza.com/tr/product/detail/bayraktar-kizilelma-siyah-tisort.html]
[cdn.baykarmagaza.com/media/upload/userFormUpload/Mn1KYO5di2t1FXUMYtl2QY4IMnui9qHe.jpg]
[cdn.baykarmagaza.com/media/upload/userFormUpload/Cm8FfBAYyMCEyI1jtin046LrkolyWjd9.jpg]
[cdn.baykarmagaza.com/media/upload/userFormUpload/reK9XXILKMzmQbx0CDQhkc1RiTgF3PrR.jpg]
[baykarmagaza.com/tr/product/detail/bayraktar-kizilelma-kol-ucusu-ekru-tisort.html]
[cdn.baykarmagaza.com/media/upload/userFormUpload/j8JO1uPk98KInFSj9ojytEH2QxIeaRBU.jpg]
[cdn.baykarmagaza.com/media/upload/userFormUpload/kPlG3XywGJ9AAoF0h9xcY4uH3sCJw4ej.jpg]
[cdn.baykarmagaza.com/media/upload/userFormUpload/Nfj5hCqunz2H4MboQWuz25bQWcmSSZGe.jpg]
[baykarmagaza.com/tr/product/detail/bayraktar-kizilelma-ekru-tisort.html]
[cdn.baykarmagaza.com/media/upload/userFormUpload/ZHJUrUUgUKcju0JoA0vP8A5LkTokmtIi.jpg]
[cdn.baykarmagaza.com/media/upload/userFormUpload/RwBN5ZKud2V8BctaR0pVVal4IJs4uxns.jpg]
[cdn.baykarmagaza.com/media/upload/userFormUpload/th2V7gloqPGUwi7YGn6Ik7oC6laheXJN.jpg]
[baykarmagaza.com/tr/product/detail/mini-iha-yesil-tisort.html]
[cdn.baykarmagaza.com/media/upload/userFormUpload/x45XpFYMajrKGpibRqCVfCcKMMMZ2dE0.jpg]
[cdn.baykarmagaza.com/media/upload/userFormUpload/ksXExfbqAzYX64fjPZw60PurWsXuwb96.jpg]
[cdn.baykarmagaza.com/media/upload/userFormUpload/PkjqSrgQE6aleJGgZ5wgtFA8pwJQhba9.jpg]
[cdn.baykarmagaza.com/media/upload/userFormUpload/VC6dvIlBdzctdpF9qxR0nuviHLFTGsL2.jpg]
[cdn.baykarmagaza.com/media/upload/userFormUpload/at3Gm2BPLarimG98c775gG1RUIQdri4p.jpg]
[baykarmagaza.com/tr/product/detail/132-olcek-bayraktar-tb2-maket.html]
[cdn.baykarmagaza.com/media/upload/userFormUpload/hLU5NVcArDaQ4KVT07e8XqnRbFwNNwPf.jpg]
[cdn.baykarmagaza.com/media/upload/userFormUpload/PGlDjoCfKUHoimcY9nuBD7yu4mNAkw8c.jpg]
[cdn.baykarmagaza.com/media/upload/userFormUpload/TjRGQvo4B3VpV7q7U3QQFrU8xxCa3urO.jpg]
[baykarmagaza.com/tr/product/detail/bayraktar-akinci-siyah-cocuk-tisort.html]
[cdn.baykarmagaza.com/media/upload/userFormUpload/tdUPrR9KLAG9LhDVti0WNMEHQCa4DSZS.jpg]
[cdn.baykarmagaza.com/media/upload/userFormUpload/rir5OgsMYH5WijfSInnWUuBYna7i5h8g.jpg]
[cdn.baykarmagaza.com/media/upload/userFormUpload/s2T4uKmzOo0xUfrdzD5d7va1naXc3uVV.jpg]
[baykarmagaza.com/tr/product/detail/bayraktar-akinci-beyaz-cocuk-tisort.html]
[cdn.baykarmagaza.com/media/upload/userFormUpload/u20JpSfbo2tk5dpFqM3LDQLHdlEGwCri.jpg]
[cdn.baykarmagaza.com/media/upload/userFormUpload/MaOIZRXGtgwnQgOTWfraq1g7EMl7QOdQ.jpg]
[cdn.baykarmagaza.com/media/upload/userFormUpload/PBrC9U2WjSULgniEQBqPaLPfgAeRmhj7.jpg]
[baykarmagaza.com/tr/product/detail/bayraktar-tb2-beyaz-cocuk-tisort.html]
[cdn.baykarmagaza.com/media/upload/userFormUpload/OsivqYkvTF4mvGP5STfZNu1U8YFvbrc6.jpg]
[cdn.baykarmagaza.com/media/upload/userFormUpload/TxlkAfanopPEr0OGS1PQnJOIg6o9evxU.jpg]
[cdn.baykarmagaza.com/media/upload/userFormUpload/oHo3lM2LKsmoQXU215SpMLumMqaNroXH.jpg]
[baykarmagaza.com/tr/product/detail/cezeri-beyaz-cocuk-tisort.html]
[cdn.baykarmagaza.com/media/upload/userFormUpload/t42XRt8mLiMLsn6qrjYVABx7RKZNkSJP.jpg]
[cdn.baykarmagaza.com/media/upload/userFormUpload/j8lEuok04BxAvsZ2v7PoKB384LWybsyf.jpg]
[cdn.baykarmagaza.com/media/upload/userFormUpload/qMCX7BKR1AdBEjghzmT9mix4WZsvswsv.jpg]
[baykarmagaza.com/tr/product/detail/bayraktar-tb2-pelus-oyuncak.html]
[baykarmagaza.com/tr/product/detail/baykar-mouse-pad.html]
[baykarmagaza.com/tr/product/detail/turkce-yesil-bayraktar-kizilelma-anahtarlk.html]
[baykarmagaza.com/tr/product/detail/ingilizce-mavi-bayraktar-akinci-anahtarlk.html]
[baykarmagaza.com/tr/product/detail/turkce-krmz-bayraktar-tb2-anahtarlk.html]
[baykarmagaza.com/tr/product/detail/ingilizce-mavi-bayraktar-tb2-anahtarlk.html]
[baykarmagaza.com/tr/product/detail/kizilelma-metal-anahtarlk.html]
[baykarmagaza.com/tr/product/detail/akinci-metal-anahtarlk.html]
[baykarmagaza.com/tr/product/detail/tb2-metal-anahtarlk.html]
[baykarmagaza.com/tr/product/detail/cezeri-metal-anahtarlk.html]
[baykarmagaza.com/tr/product/detail/bayraktar-kizilelma-siyah-fular.html]
[baykarmagaza.com/tr/product/detail/bayraktar-kizilelma-krmz-fular.html]
[baykarmagaza.com/tr/product/detail/kizilelma-kupa-bardak.html]
[baykarmagaza.com/tr/product/detail/akinci-kupa-bardak.html]
[baykarmagaza.com/tr/product/detail/tb2-kupa-bardak.html]
[baykarmagaza.com/tr/product/detail/tb3-kupa-bardak.html]
[baykarmagaza.com/tr/product/detail/cezeri-kupa-bardak.html]
[baykarmagaza.com/tr/product/detail/mini-iha-kupa-bardak.html]
[baykarmagaza.com/tr/product/detail/diha-kupa-bardak.html]
[baykarmagaza.com/tr/product/detail/bayraktar-kizilelma-ay-yldz-buff.html]
[baykarmagaza.com/tr/product/detail/bayraktar-akinci-ay-yldz-buff.html]
[baykarmagaza.com/tr/product/detail/bayraktar-tb3-ay-yldz-buff.html]
[baykarmagaza.com/tr/product/detail/bayraktar-tb2-ay-yldz-buff.html]
[baykarmagaza.com/tr/product/detail/kizilelma-buton-rozet-gun-batm.html]
[baykarmagaza.com/tr/product/detail/akinci-buton-rozet-gun-batm.html]
[baykarmagaza.com/tr/product/detail/tb2-buton-rozet-gun-batm.html]
[baykarmagaza.com/tr/product/detail/kizilelma-buton-rozet-istanbul.html]
[baykarmagaza.com/tr/product/detail/akinci-buton-rozet-istanbul.html]
[baykarmagaza.com/tr/product/detail/tb2-buton-rozet-istanbul.html]
[baykarmagaza.com/tr/product/detail/kizilelma-buton-rozet-krmz.html]
[baykarmagaza.com/tr/product/detail/akinci-buton-rozet-krmz.html]
[baykarmagaza.com/tr/product/detail/tb2-buton-rozet-krmz.html]
[baykarmagaza.com/tr/product/detail/kizilelma-buton-rozet-lacivert.html]
[baykarmagaza.com/tr/product/detail/akinci-buton-rozet-lacivert.html]
[baykarmagaza.com/tr/product/detail/tb2-buton-rozet-lacivert.html]
[baykarmagaza.com/tr/product/detail/cezeri-buton-rozet-lacivert.html]
[baykarmagaza.com/tr/product/detail/akinci-mat-rozet.html]
[baykarmagaza.com/tr/product/detail/akinci-parlak-rozet.html]
[baykarmagaza.com/tr/product/detail/tb2-mat-rozet.html]
[baykarmagaza.com/tr/product/detail/tb2-parlak-rozet.html]
[baykarmagaza.com/tr/product/detail/bayraktar-kizilelma-pec.html]
[baykarmagaza.com/tr/product/detail/bayraktar-akinci-pec.html]
[baykarmagaza.com/tr/product/detail/bayraktar-tb2-pec.html]
[baykarmagaza.com/tr/product/detail/bayraktar-tb3-pec.html]
[baykarmagaza.com/tr/account/signup/index.html]
[baykarmagaza.com/tr/account/password/reset/index.html]
[baykarmagaza.com/tr/product/detail/bayraktar-akinci-polo-yaka-tisort/comments/index.html]
[baykarmagaza.com/tr/product/detail/172-olcek-bayraktar-akinci-maket/comments/index.html]
[baykarmagaza.com/tr/product/detail/148-olcek-bayraktar-tb2-maket/comments/index.html]
[baykarmagaza.com/tr/product/detail/bayraktar-akinci-siyah-tisort/comments/index.html]
[cdn.baykarmagaza.com/staticv2/js/product_rating.js]
[baykarmagaza.com/tr/product/detail/bayraktar-akinci-sapka/comments/index.html]
[baykarmagaza.com/tr/product/detail/bayraktar-kizilelma-sapka/comments/index.html]
[baykarmagaza.com/tr/product/detail/turkce-krmz-bayraktar-akinci-anahtarlk/comments/index.html]
[baykarmagaza.com/tr/product/detail/ingilizce-siyah-bayraktar-kizilelma-anahtarlk/comments/index.html]
[baykarmagaza.com/tr/product/detail/bayraktar-akinci-polo-yaka-cocuk-tisort/comments/index.html]
[baykarmagaza.com/tr/product/detail/132-olcek-bayraktar-akinci-maket/comments/index.html]
[baykarmagaza.com/tr/contact/index.html]
[baykarmagaza.com/tr/product/detail/bayraktar-akinci-beyaz-tisort/comments/index.html]
[baykarmagaza.com/tr/product/detail/bayraktar-tb2-beyaz-tisort/comments/index.html]
[baykarmagaza.com/tr/product/detail/cezeri-ucan-araba-beyaz-tisort/comments/index.html]
[baykarmagaza.com/tr/product/detail/bayraktar-aknc-beyaz-ekip-tisort/comments/index.html]
[baykarmagaza.com/tr/product/detail/bayraktar-kizilelma-koklerden-goklere-siyah-tisort/comments/index.html]
[baykarmagaza.com/tr/product/detail/bayraktar-kizilelma-siyah-tisort/comments/index.html]
[baykarmagaza.com/tr/product/detail/bayraktar-kizilelma-kol-ucusu-ekru-tisort/comments/index.html]
[baykarmagaza.com/tr/product/detail/bayraktar-kizilelma-ekru-tisort/comments/index.html]
[baykarmagaza.com/tr/product/detail/mini-iha-yesil-tisort/comments/index.html]
[baykarmagaza.com/tr/product/detail/132-olcek-bayraktar-tb2-maket/comments/index.html]
[baykarmagaza.com/tr/product/detail/bayraktar-akinci-siyah-cocuk-tisort/comments/index.html]
[baykarmagaza.com/tr/product/detail/bayraktar-akinci-beyaz-cocuk-tisort/comments/index.html]
[baykarmagaza.com/tr/product/detail/bayraktar-tb2-beyaz-cocuk-tisort/comments/index.html]
[baykarmagaza.com/tr/product/detail/cezeri-beyaz-cocuk-tisort/comments/index.html]
[baykarmagaza.com/tr/product/detail/bayraktar-tb2-pelus-oyuncak/comments/index.html]
[baykarmagaza.com/tr/product/detail/baykar-mouse-pad/comments/index.html]
[baykarmagaza.com/tr/product/detail/turkce-yesil-bayraktar-kizilelma-anahtarlk/comments/index.html]
[baykarmagaza.com/tr/product/detail/ingilizce-mavi-bayraktar-akinci-anahtarlk/comments/index.html]
[baykarmagaza.com/tr/product/detail/turkce-krmz-bayraktar-tb2-anahtarlk/comments/index.html]
[baykarmagaza.com/tr/product/detail/ingilizce-mavi-bayraktar-tb2-anahtarlk/comments/index.html]
[baykarmagaza.com/tr/product/detail/kizilelma-metal-anahtarlk/comments/index.html]
[baykarmagaza.com/tr/product/detail/akinci-metal-anahtarlk/comments/index.html]
[baykarmagaza.com/tr/product/detail/tb2-metal-anahtarlk/comments/index.html]
[baykarmagaza.com/tr/product/detail/cezeri-metal-anahtarlk/comments/index.html]
[baykarmagaza.com/tr/product/detail/bayraktar-kizilelma-siyah-fular/comments/index.html]
[baykarmagaza.com/tr/product/detail/bayraktar-kizilelma-krmz-fular/comments/index.html]
[baykarmagaza.com/tr/product/detail/kizilelma-kupa-bardak/comments/index.html]
[baykarmagaza.com/tr/product/detail/akinci-kupa-bardak/comments/index.html]
[baykarmagaza.com/tr/product/detail/tb2-kupa-bardak/comments/index.html]
[baykarmagaza.com/tr/product/detail/tb3-kupa-bardak/comments/index.html]
[baykarmagaza.com/tr/product/detail/cezeri-kupa-bardak/comments/index.html]
[baykarmagaza.com/tr/product/detail/mini-iha-kupa-bardak/comments/index.html]
[baykarmagaza.com/tr/product/detail/diha-kupa-bardak/comments/index.html]
[baykarmagaza.com/tr/product/detail/bayraktar-kizilelma-ay-yldz-buff/comments/index.html]
[baykarmagaza.com/tr/product/detail/bayraktar-akinci-ay-yldz-buff/comments/index.html]
[baykarmagaza.com/tr/product/detail/bayraktar-tb3-ay-yldz-buff/comments/index.html]
[baykarmagaza.com/tr/product/detail/bayraktar-tb2-ay-yldz-buff/comments/index.html]
[baykarmagaza.com/tr/product/detail/kizilelma-buton-rozet-gun-batm/comments/index.html]
[baykarmagaza.com/tr/product/detail/akinci-buton-rozet-gun-batm/comments/index.html]
[baykarmagaza.com/tr/product/detail/tb2-buton-rozet-gun-batm/comments/index.html]
[baykarmagaza.com/tr/product/detail/kizilelma-buton-rozet-istanbul/comments/index.html]
[baykarmagaza.com/tr/product/detail/akinci-buton-rozet-istanbul/comments/index.html]
[baykarmagaza.com/tr/product/detail/tb2-buton-rozet-istanbul/comments/index.html]
[baykarmagaza.com/tr/product/detail/kizilelma-buton-rozet-krmz/comments/index.html]
[baykarmagaza.com/tr/product/detail/akinci-buton-rozet-krmz/comments/index.html]
[baykarmagaza.com/tr/product/detail/tb2-buton-rozet-krmz/comments/index.html]
[baykarmagaza.com/tr/product/detail/kizilelma-buton-rozet-lacivert/comments/index.html]
[baykarmagaza.com/tr/product/detail/akinci-buton-rozet-lacivert/comments/index.html]
[baykarmagaza.com/tr/product/detail/tb2-buton-rozet-lacivert/comments/index.html]
[baykarmagaza.com/tr/product/detail/cezeri-buton-rozet-lacivert/comments/index.html]
[baykarmagaza.com/tr/product/detail/akinci-mat-rozet/comments/index.html]
[baykarmagaza.com/tr/product/detail/akinci-parlak-rozet/comments/index.html]
[baykarmagaza.com/tr/product/detail/tb2-mat-rozet/comments/index.html]
[baykarmagaza.com/tr/product/detail/tb2-parlak-rozet/comments/index.html]
[baykarmagaza.com/tr/product/detail/bayraktar-kizilelma-pec/comments/index.html]
[baykarmagaza.com/tr/product/detail/bayraktar-akinci-pec/comments/index.html]
[baykarmagaza.com/tr/product/detail/bayraktar-tb2-pec/comments/index.html]
[baykarmagaza.com/tr/product/detail/bayraktar-tb3-pec/comments/index.html]
[cdn.baykarmagaza.com/staticv2/img/frame1.png]
[baykarmagaza.com/tr/account/confirm-email/index.html]
[baykarmagaza.com/tr/account/login/index0d9e.html]
[baykarmagaza.com/tr/account/login/index7034.html]
[baykarmagaza.com/tr/account/login/index8691.html]
[baykarmagaza.com/tr/account/login/indexfb4c.html]
[baykarmagaza.com/tr/account/login/index2566.html]
[baykarmagaza.com/tr/account/login/index0687.html]
[baykarmagaza.com/tr/account/login/index1eb9.html]
[baykarmagaza.com/tr/account/login/indexa280.html]
[baykarmagaza.com/tr/account/login/index80d7.html]
[baykarmagaza.com/tr/account/login/index909c.html]
[baykarmagaza.com/tr/account/login/index7e8b.html]
[baykarmagaza.com/tr/account/login/indexe248.html]
[baykarmagaza.com/tr/account/login/index6bb8.html]
[baykarmagaza.com/tr/account/login/index64a6.html]
[baykarmagaza.com/tr/account/login/indexea1b.html]
[baykarmagaza.com/tr/account/login/index089a.html]
[baykarmagaza.com/tr/account/login/index751a.html]
[baykarmagaza.com/tr/account/login/indexa6cc.html]
[baykarmagaza.com/tr/account/login/index7867.html]
[baykarmagaza.com/tr/account/login/indexf830.html]
[baykarmagaza.com/tr/account/login/index03c7.html]
[baykarmagaza.com/tr/account/login/indexd4ab.html]
[baykarmagaza.com/tr/account/login/indexeb28.html]
[baykarmagaza.com/tr/account/login/indexdc53.html]
[baykarmagaza.com/tr/account/login/index50ff.html]
[baykarmagaza.com/tr/account/login/index6598.html]
[baykarmagaza.com/tr/account/login/index73cd.html]
[baykarmagaza.com/tr/account/login/index6ead.html]
[baykarmagaza.com/tr/account/login/index8dd2.html]
[baykarmagaza.com/tr/account/login/index3e58.html]
[baykarmagaza.com/tr/account/login/index283b.html]
[baykarmagaza.com/tr/account/login/index25dd.html]
[baykarmagaza.com/tr/account/login/indexf9cc.html]
[baykarmagaza.com/tr/account/login/index9afd.html]
[baykarmagaza.com/tr/account/login/index7ace.html]
[baykarmagaza.com/tr/account/login/indexa2b6.html]
[baykarmagaza.com/tr/account/login/indexd717.html]
[baykarmagaza.com/tr/account/login/index4a1b.html]
[baykarmagaza.com/tr/account/login/indexc0d2.html]
[baykarmagaza.com/tr/account/login/indexf2fe.html]
[baykarmagaza.com/tr/account/login/index1e7f.html]
[baykarmagaza.com/tr/account/login/index2d50.html]
[baykarmagaza.com/tr/account/login/index75e6.html]
[baykarmagaza.com/tr/account/login/indexed11.html]
[baykarmagaza.com/tr/account/login/index8382.html]
[baykarmagaza.com/tr/account/login/index2041.html]
[baykarmagaza.com/tr/account/login/index22bb.html]
[baykarmagaza.com/tr/account/login/indexbc6a.html]
[baykarmagaza.com/tr/account/login/index417a.html]
[baykarmagaza.com/tr/account/login/index0fea.html]
[baykarmagaza.com/tr/account/login/indexe8ce.html]
[baykarmagaza.com/tr/account/login/index8b20.html]
[baykarmagaza.com/tr/account/login/index4a4c.html]
[baykarmagaza.com/tr/account/login/index25ee.html]
[baykarmagaza.com/tr/account/login/index3f58.html]
[baykarmagaza.com/tr/account/login/indexe8b9.html]
[baykarmagaza.com/tr/account/login/index2dbf.html]
[baykarmagaza.com/tr/account/login/index0fbd.html]
[baykarmagaza.com/tr/account/login/index9db7.html]
[baykarmagaza.com/tr/account/login/index6850.html]
[baykarmagaza.com/tr/account/login/index0ae5.html]
[baykarmagaza.com/tr/account/login/indexf7a1.html]
[baykarmagaza.com/tr/account/login/index4b34.html]
[baykarmagaza.com/tr/account/login/indexe11c.html]
[baykarmagaza.com/tr/account/login/index8b59.html]
[baykarmagaza.com/tr/account/login/index64c3.html]
[baykarmagaza.com/tr/account/login/indexc016.html]
[baykarmagaza.com/tr/account/login/index9617.html]
